S1 follower term:2 voted_for:3 commit_index:1 data:1 logs:T0[0] T2[+1]
S2 follower term:2 voted_for:3 commit_index:2 data:-1 logs:T0[0] T2[+1-2]
S4 follower term:2 voted_for:3 commit_index:3 data:-3 logs:T0[0] T2[+1-2*3]
S5 follower term:2 voted_for:3 commit_index:3 data:-3 logs:T0[0] T2[+1-2*3||1]
S1 follower term:2 voted_for:-1 commit_index:1 data:1 logs:T0[0] T2[+1]
S2 follower term:2 voted_for:-1 commit_index:2 data:-1 logs:T0[0] T2[+1-2]
S3 leader term:2 voted_for:3 commit_index:3 data:-3 logs:T0[0] T2[+1-2*3||1+7]
S4 follower term:2 voted_for:-1 commit_index:3 data:-3 logs:T0[0] T2[+1-2*3]
S5 follower term:2 voted_for:-1 commit_index:3 data:-3 logs:T0[0] T2[+1-2*3||1]
S1 follower term:2 voted_for:-1 commit_index:5 data:8 logs:T0[0] T2[+1-2*3||1+7]
S2 follower term:2 voted_for:-1 commit_index:5 data:8 logs:T0[0] T2[+1-2*3||1+7]
S3 leader term:2 voted_for:3 commit_index:5 data:8 logs:T0[0] T2[+1-2*3||1+7]
S4 follower term:2 voted_for:-1 commit_index:5 data:8 logs:T0[0] T2[+1-2*3||1+7]
S5 follower term:2 voted_for:-1 commit_index:5 data:8 logs:T0[0] T2[+1-2*3||1+7]
