L2 next_index[1 X 4 4 4 ] match_index[0 X 3 3 3 ]
S2 leader term:3 voted_for:2 commit_index:3 data:-3 logs:T0[0] T3[-5+4*3]
S3 follower term:3 voted_for:2 commit_index:3 data:-3 logs:T0[0] T3[-5+4*3]
S4 follower term:3 voted_for:2 commit_index:3 data:-3 logs:T0[0] T3[-5+4*3]
S5 follower term:3 voted_for:2 commit_index:3 data:-3 logs:T0[0] T3[-5+4*3]
L2 next_index[4 X 4 4 4 ] match_index[3 X 3 3 3 ]
S1 follower term:3 voted_for:-1 commit_index:3 data:-3 logs:T0[0] T3[-5+4*3]
S2 leader term:3 voted_for:2 commit_index:3 data:-3 logs:T0[0] T3[-5+4*3]
S3 follower term:3 voted_for:2 commit_index:3 data:-3 logs:T0[0] T3[-5+4*3]
S4 follower term:3 voted_for:2 commit_index:3 data:-3 logs:T0[0] T3[-5+4*3]
S5 follower term:3 voted_for:2 commit_index:3 data:-3 logs:T0[0] T3[-5+4*3]
